// Jest Snapshot v1, https://goo.gl/fbAQLP

exports[`Legacy Portal renders properly 1`] = `null`;
