// Jest Snapshot v1, https://goo.gl/fbAQLP

exports[`renders ServerError correctly 1`] = `
<div
  data-radium={true}
>
  <div>
    <div
      aria-atomic={true}
      aria-live="assertive"
      data-radium={true}
      style={
        Object {
          "backgroundColor": "rgba(233, 0, 56, 0.1)",
          "borderRadius": "4px",
          "color": "#E6003D",
          "fontSize": "15px",
          "marginBottom": "12px",
          "padding": "15px",
        }
      }
    >
      Error Text
    </div>
  </div>
  <style
    dangerouslySetInnerHTML={
      Object {
        "__html": "",
      }
    }
  />
</div>
`;
