// Jest Snapshot v1, https://goo.gl/fbAQLP

exports[`renders TextField correctly 1`] = `
<div
  data-radium={true}
>
  <div>
    <div
      data-radium={true}
      style={
        Object {
          "cursor": "auto",
          "display": "inline-block",
          "position": "relative",
          "width": "343px",
        }
      }
    >
      <div
        data-radium={true}
        style={
          Object {
            "borderRadius": "4px",
            "position": "relative",
          }
        }
      >
        <label
          data-radium={true}
          htmlFor="test_id"
          style={
            Object {
              "color": "#757575",
              "cursor": "text",
              "fontSize": "16px",
              "marginBottom": 0,
              "marginLeft": 0,
              "marginRight": 0,
              "marginTop": 0,
              "pointerEvents": "auto",
              "position": "absolute",
              "transform": "scale(1) translate(8px, 17px)",
              "transformOrigin": "left top",
              "transition": "all 450ms cubic-bezier(0.23, 1, 0.32, 1) 0ms",
              "userSelect": "none",
              "zIndex": 1,
            }
          }
        >
          Email
        </label>
        <div
          data-radium={true}
          style={
            Object {
              "color": "#BDBDBD",
              "cursor": "inherit",
              "fontSize": "16px",
              "opacity": 0,
              "pointerEvents": "none",
              "position": "absolute",
              "transform": "scale(1) translate(9px, 26px)",
              "transformOrigin": "left top",
              "transition": "opacity 250ms cubic-bezier(0.23, 1, 0.32, 1) 0ms",
              "zIndex": 1,
            }
          }
        >
          Enter your email address
        </div>
        <input
          aria-describedby={null}
          aria-invalid={false}
          aria-required={undefined}
          autoComplete="on"
          data-radium={true}
          defaultValue={null}
          disabled={false}
          id="test_id"
          name="test"
          onBlur={[Function]}
          onChange={[Function]}
          onFocus={[Function]}
          onKeyDown={[Function]}
          placeholder=""
          style={
            Object {
              "WebkitOpacity": 1,
              "WebkitTapHighlightColor": "rgba(0,0,0,0)",
              "backgroundColor": "#FFF",
              "border": "solid 1px #BDBDBD",
              "borderRadius": "4px",
              "boxSizing": "border-box",
              "color": "#424242",
              "fontSize": "16px",
              "height": "56px",
              "marginBottom": 0,
              "marginLeft": 0,
              "marginRight": 0,
              "marginTop": 0,
              "outline": "none",
              "paddingBottom": 8,
              "paddingLeft": 8,
              "paddingRight": 8,
              "paddingTop": "25px",
              "position": "relative",
              "width": "100%",
            }
          }
          type="email"
          value={undefined}
        />
      </div>
      <div
        aria-atomic={true}
        aria-live="assertive"
        data-radium={true}
        id="error_test_id"
        style={
          Object {
            "color": "#B30029",
            "display": "none",
            "fontSize": "12px",
            "marginLeft": "1px",
            "marginTop": "2px",
            "opacity": "0",
            "pointerEvents": "none",
            "textAlign": "left",
            "transition": "opacity 250ms cubic-bezier(0.23, 1, 0.32, 1) 0ms",
          }
        }
      />
    </div>
  </div>
  <style
    dangerouslySetInnerHTML={
      Object {
        "__html": "",
      }
    }
  />
</div>
`;

exports[`uses a custom theme for all child components if one is provided 1`] = `
<div
  data-radium={true}
>
  <div>
    <div
      data-radium={true}
      style={
        Object {
          "cursor": "auto",
          "display": "inline-block",
          "position": "relative",
          "width": "343px",
        }
      }
    >
      <div
        data-radium={true}
        style={
          Object {
            "borderRadius": "4px",
            "position": "relative",
          }
        }
      >
        <label
          data-radium={true}
          htmlFor="test_id"
          style={
            Object {
              "color": "#757575",
              "cursor": "text",
              "fontSize": "16px",
              "marginBottom": 0,
              "marginLeft": 0,
              "marginRight": 0,
              "marginTop": 0,
              "pointerEvents": "auto",
              "position": "absolute",
              "transform": "scale(1) translate(8px, 17px)",
              "transformOrigin": "left top",
              "transition": "all 450ms cubic-bezier(0.23, 1, 0.32, 1) 0ms",
              "userSelect": "none",
              "zIndex": 1,
            }
          }
        >
          Email
        </label>
        <div
          data-radium={true}
          style={
            Object {
              "color": "#BDBDBD",
              "cursor": "inherit",
              "fontSize": "16px",
              "opacity": 0,
              "pointerEvents": "none",
              "position": "absolute",
              "transform": "scale(1) translate(9px, 26px)",
              "transformOrigin": "left top",
              "transition": "opacity 250ms cubic-bezier(0.23, 1, 0.32, 1) 0ms",
              "zIndex": 1,
            }
          }
        >
          Enter your email address
        </div>
        <input
          aria-describedby={null}
          aria-invalid={false}
          aria-required={undefined}
          autoComplete="on"
          data-radium={true}
          defaultValue={null}
          disabled={false}
          id="test_id"
          name="test"
          onBlur={[Function]}
          onChange={[Function]}
          onFocus={[Function]}
          onKeyDown={[Function]}
          placeholder=""
          style={
            Object {
              "WebkitOpacity": 1,
              "WebkitTapHighlightColor": "rgba(0,0,0,0)",
              "backgroundColor": "#FFF",
              "border": "solid 1px #BDBDBD",
              "borderRadius": "4px",
              "boxSizing": "border-box",
              "color": "#424242",
              "fontSize": "16px",
              "height": "56px",
              "marginBottom": 0,
              "marginLeft": 0,
              "marginRight": 0,
              "marginTop": 0,
              "outline": "none",
              "paddingBottom": 8,
              "paddingLeft": 8,
              "paddingRight": 8,
              "paddingTop": "25px",
              "position": "relative",
              "width": "100%",
            }
          }
          type="email"
          value={undefined}
        />
      </div>
      <div
        aria-atomic={true}
        aria-live="assertive"
        data-radium={true}
        id="error_test_id"
        style={
          Object {
            "color": "#B30029",
            "display": "none",
            "fontSize": "12px",
            "marginLeft": "1px",
            "marginTop": "2px",
            "opacity": "0",
            "pointerEvents": "none",
            "textAlign": "left",
            "transition": "opacity 250ms cubic-bezier(0.23, 1, 0.32, 1) 0ms",
          }
        }
      />
    </div>
  </div>
  <style
    dangerouslySetInnerHTML={
      Object {
        "__html": "",
      }
    }
  />
</div>
`;
